// Jest Snapshot v1, https://goo.gl/fbAQLP

exports[`Prueba Gifitem Debe hacer match con el snapshot 1`] = `
<div>
  <div
    class="card"
  >
    <img
      alt="One piece"
      src="https://ejemplo.com/"
    />
    <p>
      One piece
    </p>
  </div>
</div>
`;
