// Jest Snapshot v1, https://goo.gl/fbAQLP

exports[`Prueba CounterApp debe hacer match con el snapshot 1`] = `
<div>
  <h1>
     Counter App 
  </h1>
  <h2>
    1
  </h2>
  <button>
    Aumentar
  </button>
  <button>
    Restar
  </button>
  <button
    aria-label="btn-reset"
  >
    Restablecer
  </button>
</div>
`;
